../Core/Src/main.c:129:5:main	8	static
../Core/Src/main.c:212:6:SystemClock_Config	88	static
../Core/Src/main.c:258:13:MX_ETH_Init	8	static
../Core/Src/main.c:307:13:MX_I2S2_Init	8	static
../Core/Src/main.c:341:13:MX_TIM4_Init	32	static
../Core/Src/main.c:386:13:MX_USART3_UART_Init	8	static
../Core/Src/main.c:419:13:MX_USB_OTG_FS_PCD_Init	8	static
../Core/Src/main.c:452:13:MX_DMA_Init	16	static
../Core/Src/main.c:470:13:MX_GPIO_Init	56	static
../Core/Src/main.c:560:6:turnOffAllSegments	16	static
../Core/Src/main.c:566:6:gradualLightUp	24	static
../Core/Src/main.c:575:6:gradualLightDown	16	static
../Core/Src/main.c:582:6:LightUp	24	static
../Core/Src/main.c:599:6:Error_Handler	4	static,ignoring_inline_asm
