../Core/Src/main.c:128:5:main	8	static
../Core/Src/main.c:211:6:SystemClock_Config	88	static
../Core/Src/main.c:257:13:MX_ETH_Init	8	static
../Core/Src/main.c:306:13:MX_I2S2_Init	8	static
../Core/Src/main.c:340:13:MX_TIM4_Init	32	static
../Core/Src/main.c:385:13:MX_USART3_UART_Init	8	static
../Core/Src/main.c:418:13:MX_USB_OTG_FS_PCD_Init	8	static
../Core/Src/main.c:451:13:MX_DMA_Init	16	static
../Core/Src/main.c:469:13:MX_GPIO_Init	56	static
../Core/Src/main.c:559:6:turnOffAllSegments	16	static
../Core/Src/main.c:565:6:gradualLightUp	24	static
../Core/Src/main.c:574:6:gradualLightDown	16	static
../Core/Src/main.c:589:6:Error_Handler	4	static,ignoring_inline_asm
