16:02:41 **** Incremental Build of configuration Debug for project ALEXA ****
make -j16 all 
arm-none-eabi-gcc "../Core/Src/funk.c" -mcpu=cortex-m4 -std=gnu11 -g3 -DDEBUG -DUSE_HAL_DRIVER -DSTM32F429xx -c -I../Core/Inc -I../Drivers/STM32F4xx_HAL_Driver/Inc -I../Drivers/STM32F4xx_HAL_Driver/Inc/Legacy -I../Drivers/CMSIS/Device/ST/STM32F4xx/Include -I../Drivers/CMSIS/Include -O0 -ffunction-sections -fdata-sections -Wall -fstack-usage -fcyclomatic-complexity -MMD -MP -MF"Core/Src/funk.d" -MT"Core/Src/funk.o" --specs=nano.specs -mfpu=fpv4-sp-d16 -mfloat-abi=hard -mthumb -o "Core/Src/funk.o"
arm-none-eabi-g++ -o "ALEXA.elf" @"objects.list"   -mcpu=cortex-m4 -T"C:\Users\gothi\STM32CubeIDE\workspace_1.19.0\ALEXA\STM32F429ZITX_FLASH.ld" --specs=nosys.specs -Wl,-Map="ALEXA.map" -Wl,--gc-sections -static --specs=nano.specs -mfpu=fpv4-sp-d16 -mfloat-abi=hard -mthumb -Wl,--start-group -lc -lm -lstdc++ -lsupc++ -Wl,--end-group
Finished building target: ALEXA.elf
 
arm-none-eabi-size  ALEXA.elf 
arm-none-eabi-objdump -h -S ALEXA.elf  > "ALEXA.list"
   text	   data	    bss	    dec	    hex	filename
  27624	    192	   8056	  35872	   8c20	ALEXA.elf
Finished building: default.size.stdout
 
Finished building: ALEXA.list
 

16:02:44 Build Finished. 0 errors, 0 warnings. (took 2s.507ms)

